http://downloads.yoctoproject.org/releases/yocto/yocto-2.2/machines/beaglebone/MLO-beaglebone
http://downloads.yoctoproject.org/releases/yocto/yocto-2.2/machines/beaglebone/u-boot-beaglebone.img
http://downloads.yoctoproject.org/releases/yocto/yocto-2.2/machines/beaglebone/core-image-sato-beaglebone.tar.bz2
